mode: set
tcg-service/internal/fop-client/client.go:27.2,27.16 1 1
tcg-service/internal/fop-client/client.go:28.3,29.1 1 0
tcg-service/internal/fop-client/client.go:30.2,30.39 1 1
tcg-service/internal/fop-client/client.go:31.3,32.1 1 1
tcg-service/internal/fop-client/client.go:33.2,36.1 2 1
tcg-service/internal/fop-client/client.go:37.2,40.8 2 1
tcg-service/internal/fop-client/client.go:47.2,48.1 1 1
tcg-service/internal/fop-client/oauth.go:23.2,24.1 1 1
tcg-service/internal/fop-client/oauth.go:31.2,32.20 2 1
tcg-service/internal/fop-client/oauth.go:33.3,34.1 1 0
tcg-service/internal/fop-client/oauth.go:35.2,44.1 2 1
tcg-service/internal/fop-client/oauth.go:45.2,45.34 2 1
tcg-service/internal/fop-client/oauth.go:61.2,66.1 5 1
tcg-service/internal/fop-client/oauth.go:69.2,69.17 1 1
tcg-service/internal/fop-client/oauth.go:70.3,71.1 1 0
tcg-service/internal/fop-client/oauth.go:72.2,72.62 1 1
tcg-service/internal/fop-client/paginate.go:27.2,29.6 3 1
tcg-service/internal/fop-client/paginate.go:30.3,31.17 2 1
tcg-service/internal/fop-client/paginate.go:32.4,33.1 1 0
tcg-service/internal/fop-client/paginate.go:34.3,34.57 1 1
tcg-service/internal/fop-client/paginate.go:35.4,36.1 1 1
tcg-service/internal/fop-client/paginate.go:37.3,37.37 1 1
tcg-service/internal/fop-client/paginate.go:38.4,38.9 1 1
tcg-service/internal/fop-client/paginate.go:40.3,41.1 2 1
tcg-service/internal/fop-client/paginate.go:42.3,42.16 2 1
tcg-service/internal/fop-client/paginate.go:43.4,44.18 2 1
tcg-service/internal/fop-client/paginate.go:45.5,46.1 1 0
tcg-service/internal/fop-client/paginate.go:47.4,47.25 1 1
tcg-service/internal/fop-client/paginate.go:48.5,48.10 1 1
tcg-service/internal/fop-client/paginate.go:51.3,51.9 1 1
tcg-service/internal/fop-client/paginate.go:53.2,53.19 1 1
tcg-service/internal/fop-client/paginate.go:57.2,58.16 2 1
tcg-service/internal/fop-client/paginate.go:59.3,60.1 1 0
tcg-service/internal/fop-client/paginate.go:61.2,65.1 6 1
tcg-service/internal/fop-client/paginate.go:66.2,67.16 6 1
tcg-service/internal/fop-client/paginate.go:68.3,69.1 1 0
tcg-service/internal/fop-client/paginate.go:70.2,71.1 3 1
tcg-service/internal/fop-client/paginate.go:72.2,73.16 3 1
tcg-service/internal/fop-client/paginate.go:74.3,75.1 1 0
tcg-service/internal/fop-client/paginate.go:76.2,76.35 1 1
tcg-service/internal/fop-client/response_codes.go:17.2,18.1 1 1
tcg-service/internal/fop-client/response_codes.go:26.2,26.22 1 1
tcg-service/internal/fop-client/response_codes.go:28.3,28.14 1 1
tcg-service/internal/fop-client/response_codes.go:30.3,30.15 1 1
tcg-service/internal/fop-client/response_codes.go:35.2,35.16 1 1
tcg-service/internal/fop-client/response_codes.go:37.3,37.29 1 1
tcg-service/internal/fop-client/response_codes.go:39.3,39.115 1 1
tcg-service/internal/fop-client/response_codes.go:41.3,41.23 1 1
tcg-service/internal/fop-client/response_codes.go:43.3,43.73 1 1
tcg-service/internal/fop-client/response_codes.go:45.3,45.35 1 1
tcg-service/internal/fop-client/response_codes.go:47.3,47.43 1 1
tcg-service/internal/fop-client/response_codes.go:49.3,49.52 1 1
tcg-service/internal/fop-client/response_codes.go:51.3,51.31 1 1
tcg-service/internal/fop-client/response_codes.go:58.2,58.16 1 1
tcg-service/internal/fop-client/response_codes.go:60.3,60.13 1 1
tcg-service/internal/fop-client/response_codes.go:62.3,62.56 1 1
