mode: set
tcg-service/internal/conformance/loader.go:26.2,28.16 3 1
tcg-service/internal/conformance/loader.go:29.3,30.1 1 0
tcg-service/internal/conformance/loader.go:31.2,31.17 1 1
tcg-service/internal/conformance/quarantine.go:35.2,36.1 1 0
tcg-service/internal/conformance/quarantine.go:39.2,40.16 2 0
tcg-service/internal/conformance/quarantine.go:41.3,42.1 1 0
tcg-service/internal/conformance/quarantine.go:43.2,46.103 2 0
tcg-service/internal/conformance/quarantine.go:47.3,48.1 1 0
tcg-service/internal/conformance/quarantine.go:49.2,49.12 1 0
tcg-service/internal/conformance/validator.go:24.2,25.16 2 1
tcg-service/internal/conformance/validator.go:26.3,27.1 1 0
tcg-service/internal/conformance/validator.go:28.2,28.34 1 1
tcg-service/internal/conformance/validator.go:37.2,38.17 2 1
tcg-service/internal/conformance/validator.go:39.3,40.1 1 1
tcg-service/internal/conformance/validator.go:41.2,42.15 2 1
tcg-service/internal/conformance/validator.go:43.3,44.1 1 0
tcg-service/internal/conformance/validator.go:45.2,46.44 2 1
tcg-service/internal/conformance/validator.go:47.3,48.1 1 0
tcg-service/internal/conformance/validator.go:49.2,50.82 2 1
tcg-service/internal/conformance/validator.go:51.3,52.1 1 0
tcg-service/internal/conformance/validator.go:53.2,53.63 1 1
tcg-service/internal/conformance/validator.go:59.2,60.35 2 1
tcg-service/internal/conformance/validator.go:61.3,62.1 1 0
tcg-service/internal/conformance/validator.go:63.2,63.56 1 1
tcg-service/internal/conformance/validator.go:67.2,68.55 2 1
tcg-service/internal/conformance/validator.go:71.3,72.1 1 0
tcg-service/internal/conformance/validator.go:79.2,79.71 1 1
tcg-service/internal/conformance/validator.go:80.3,81.1 1 1
tcg-service/internal/conformance/validator.go:82.2,82.34 1 1
tcg-service/internal/conformance/validator.go:90.2,90.45 1 1
tcg-service/internal/conformance/validator.go:91.3,92.24 2 1
tcg-service/internal/conformance/validator.go:93.4,94.1 1 1
tcg-service/internal/conformance/validator.go:95.3,95.13 1 1
tcg-service/internal/conformance/validator.go:97.2,97.47 1 1
tcg-service/internal/conformance/validator.go:98.3,99.1 1 1
tcg-service/internal/conformance/validator.go:100.2,100.30 1 0
