mode: set
tcg-service/internal/config/config.go:36.2,43.1 2 0
tcg-service/internal/config/config.go:44.2,44.39 2 0
tcg-service/internal/config/config.go:45.3,46.1 1 0
tcg-service/internal/config/config.go:47.2,47.17 1 0
tcg-service/internal/config/config.go:53.2,63.1 2 0
tcg-service/internal/config/config.go:64.3,64.20 1 0
tcg-service/internal/config/config.go:65.4,66.1 1 0
tcg-service/internal/config/config.go:68.2,68.22 1 0
tcg-service/internal/config/config.go:69.3,70.1 1 0
tcg-service/internal/config/config.go:71.2,71.12 1 0
tcg-service/main.go:18.2,19.16 2 0
tcg-service/main.go:20.3,21.1 1 0
tcg-service/main.go:23.2,24.16 2 0
tcg-service/main.go:25.3,26.1 1 0
tcg-service/main.go:28.2,28.105 1 0
tcg-service/internal/fop-client/client.go:27.2,27.16 1 1
tcg-service/internal/fop-client/client.go:28.3,29.1 1 0
tcg-service/internal/fop-client/client.go:30.2,30.39 1 1
tcg-service/internal/fop-client/client.go:31.3,32.1 1 1
tcg-service/internal/fop-client/client.go:33.2,36.1 2 1
tcg-service/internal/fop-client/client.go:37.2,40.8 2 1
tcg-service/internal/fop-client/client.go:47.2,48.1 1 1
tcg-service/internal/fop-client/oauth.go:23.2,24.1 1 1
tcg-service/internal/fop-client/oauth.go:31.2,32.20 2 1
tcg-service/internal/fop-client/oauth.go:33.3,34.1 1 0
tcg-service/internal/fop-client/oauth.go:35.2,44.1 2 1
tcg-service/internal/fop-client/oauth.go:45.2,45.34 2 1
tcg-service/internal/fop-client/oauth.go:61.2,66.1 5 1
tcg-service/internal/fop-client/oauth.go:69.2,69.17 1 1
tcg-service/internal/fop-client/oauth.go:70.3,71.1 1 0
tcg-service/internal/fop-client/oauth.go:72.2,72.62 1 1
tcg-service/internal/conformance/loader.go:26.2,28.16 3 1
tcg-service/internal/conformance/loader.go:29.3,30.1 1 0
tcg-service/internal/conformance/loader.go:31.2,31.17 1 1
tcg-service/internal/conformance/quarantine.go:35.2,36.1 1 0
tcg-service/internal/conformance/quarantine.go:39.2,40.16 2 0
tcg-service/internal/conformance/quarantine.go:41.3,42.1 1 0
tcg-service/internal/conformance/quarantine.go:43.2,46.103 2 0
tcg-service/internal/conformance/quarantine.go:47.3,48.1 1 0
tcg-service/internal/conformance/quarantine.go:49.2,49.12 1 0
tcg-service/internal/conformance/validator.go:24.2,25.16 2 1
tcg-service/internal/conformance/validator.go:26.3,27.1 1 0
tcg-service/internal/conformance/validator.go:28.2,28.34 1 1
tcg-service/internal/conformance/validator.go:37.2,38.17 2 0
tcg-service/internal/conformance/validator.go:39.3,40.1 1 0
tcg-service/internal/conformance/validator.go:41.2,42.15 2 0
tcg-service/internal/conformance/validator.go:43.3,44.1 1 0
tcg-service/internal/conformance/validator.go:45.2,46.44 2 0
tcg-service/internal/conformance/validator.go:47.3,48.1 1 0
tcg-service/internal/conformance/validator.go:49.2,50.82 2 0
tcg-service/internal/conformance/validator.go:51.3,52.1 1 0
tcg-service/internal/conformance/validator.go:53.2,53.63 1 0
tcg-service/internal/conformance/validator.go:59.2,60.35 2 1
tcg-service/internal/conformance/validator.go:61.3,62.1 1 0
tcg-service/internal/conformance/validator.go:63.2,63.56 1 1
tcg-service/internal/conformance/validator.go:67.2,68.55 2 1
tcg-service/internal/conformance/validator.go:71.3,72.1 1 0
tcg-service/internal/conformance/validator.go:74.2,74.47 1 1
tcg-service/internal/conformance/validator.go:75.3,76.1 1 1
tcg-service/internal/conformance/validator.go:77.2,77.34 1 1
tcg-service/internal/conformance/validator.go:85.2,85.45 1 1
tcg-service/internal/conformance/validator.go:86.3,87.24 2 0
tcg-service/internal/conformance/validator.go:88.4,89.1 1 0
tcg-service/internal/conformance/validator.go:90.3,90.13 1 0
tcg-service/internal/conformance/validator.go:92.2,92.47 1 1
tcg-service/internal/conformance/validator.go:93.3,94.1 1 1
tcg-service/internal/conformance/validator.go:95.2,95.30 1 0
